// Jest Snapshot v1, https://goo.gl/fbAQLP

exports[`should render EditExpensePage correctly 1`] = `
<div>
  <div
    className="page-header"
  >
    <div
      className="content-container"
    >
      <h1
        className="page-header__title"
      >
        Edit Expense
      </h1>
    </div>
  </div>
  <div
    className="content-container"
  >
    <div>
      <ExpenseForm
        expense={
          Object {
            "amount": 3600,
            "createdAt": 345600000,
            "description": "Credit Card",
            "id": "3",
            "note": "",
          }
        }
        onSubmit={[Function]}
      />
    </div>
    <div>
      <button
        className="button button--secondary"
        onClick={[Function]}
      >
        Remove Expense
      </button>
    </div>
  </div>
</div>
`;
