// Jest Snapshot v1, https://goo.gl/fbAQLP

exports[`should render ExpenseListItem 1`] = `
<div>
  <Link
    replace={false}
    to="/edit/2"
  >
    <h3>
      Rent
    </h3>
  </Link>
  <p>
    $120.50
    -
    28.December.1969
  </p>
</div>
`;
